// Jest Snapshot v1, https://goo.gl/fbAQLP

exports[`should render ExpenseListItem with data 1`] = `
<div>
  <[object Object]
    to="/edit/1"
  >
    <h4>
      gum
    </h4>
  </[object Object]>
  <p>
    190
     - 
    0
  </p>
</div>
`;
