// Jest Snapshot v1, https://goo.gl/fbAQLP

exports[`should render ExpenseList with empty expenses 1`] = `
<div>
  <h1>
    Expense List
  </h1>
</div>
`;

exports[`should render ExpenseList with expenses 1`] = `
<div>
  <h1>
    Expense List
  </h1>
  <ExpenseListItem
    amount={190}
    createdAt={0}
    description="gum"
    id="1"
    key="1"
    note=""
  />
  <ExpenseListItem
    amount={1190}
    createdAt={-345600000}
    description="rent"
    id="2"
    key="2"
    note=""
  />
  <ExpenseListItem
    amount={4500}
    createdAt={345600000}
    description="credit card"
    id="3"
    key="3"
    note=""
  />
</div>
`;
