// Jest Snapshot v1, https://goo.gl/fbAQLP

exports[`should render LoginPage correctly 1`] = `
<div>
  <h3>
    Login Page
  </h3>
  <button>
    Login
  </button>
</div>
`;
